// Jest Snapshot v1, https://goo.gl/fbAQLP

exports[`LayoutContainer renders a container 1`] = `<div class="vue--layout-container"></div>`;
